{
  "registration_number": "ABC123",
  "model_year": 2021,
  "co2_wltp": 132.5
}